>>> BaseGeometry = __import__('7-base_geometry').BaseGeometry

'module docstring'
>>> m = __import__("7-base_geometry").__doc__
>>> len(m) > 1
True

'class docstring'
>>> doc = __import__("7-base_geometry").BaseGeometry.__doc__
>>> len(doc) > 1
True

'function docstring'
>>> doc = __import__("1-my_list").integer_validator.__doc__
>>> len(doc) > 1
True

>>> BaseGeometry.integer_validator("my_int", 11)
11

>>> BaseGeometry.integer_validator("width", 25)
25

>>> BaseGeometry.integer_validator("name", "John")
Traceback (most recent call last):
...
TypeError: name must be an integer

>>> BaseGeometry.integer_validator("age", 0)
Traceback (most recent call last):
...
ValueError: age must be greater than 0

>>> BaseGeometry.integer_validator("distance", -4)
Traceback (most recent call last):
...
ValueError: distance must be greater than 0

>>> BaseGeometry.integer_validator()
Traceback (most recent call last):
...
TypeError: integer_validator() missing 2 required positional arguments: 'name' and 'value'
